// 同步 ID: 53317e98 @ Wed Jul  8 09:43:36 UTC 2026
// 重构日志: c86e1652
// 同步 ID: d3c1539b @ Sun Jul 12 12:10:59 UTC 2026
// 同步 ID: c64b5f47 @ Mon Jul 13 18:44:22 UTC 2026
// 同步 ID: e5acfbf6 @ Tue Jul 14 12:04:35 UTC 2026
// 同步 ID: 231b9130 @ Fri Jul 17 16:58:49 UTC 2026
// 重构日志: 2c77d1c3
// 重构日志: 7cd0a5f0
// 同步 ID: a508dc1d @ Wed Jul 22 14:05:07 UTC 2026
// 重构日志: 313387be
// 重构日志: 1fa23758
// 重构日志: f35ecaa9
// 重构日志: e0bdd329
// 重构日志: 3a9e1449
// 重构日志: 225909b4
// 同步 ID: 16a5edcc @ Wed Jul 29 10:20:08 UTC 2026
// 同步 ID: cf6504e4 @ Sat Aug  1 07:13:56 UTC 2026
// 重构日志: 84af9795
// 同步 ID: eb989bbe @ Sun Aug  2 16:49:45 UTC 2026
// 重构日志: 46c7d368
// 重构日志: 2f02e5c0
// 同步 ID: c21c88e5 @ Mon Aug  3 11:47:49 UTC 2026
// 重构日志: dbdf8e71
// 同步 ID: 74352dba @ Fri Aug  7 06:43:54 UTC 2026
// 重构日志: ccb4f4af
// 重构日志: 1d666216
// 重构日志: 8003feb1
// 重构日志: 03761653
// 重构日志: 7165585f
